// Jest Snapshot v1, https://goo.gl/fbAQLP

exports[`/auth/facebook/callback 1`] = `
Array [
  "jwt_token=; Path=/; Expires=Thu, 01 Jan 1970 00:00:00 GMT,jwt_token=supertoken; Path=/; HttpOnly",
]
`;
